  StdAfx.cpp
  AttributeData.cpp
  AttributeInstance.cpp
  BlockTexture.cpp
  Camera.cpp
  CollisionData.cpp
  ColorTransitionHelper.cpp
  CullingManager.cpp
  Decal.cpp
  DibBar.cpp
  EnvironmentMap.cpp
  FileLoaderThread.cpp
  GrpBase.cpp
  GrpCollisionObject.cpp
  GrpColor.cpp
  GrpColorInstance.cpp
  GrpD3DXBuffer.cpp
  GrpDetector.cpp
  GrpDevice.cpp
  GrpDIB.cpp
  GrpExpandedImageInstance.cpp
  GrpFontTexture.cpp
  GrpImage.cpp
  GrpImageInstance.cpp
  GrpImageTexture.cpp
  GrpIndexBuffer.cpp
  GrpLightManager.cpp
  GrpMarkInstance.cpp
  GrpMath.cpp
  GrpObjectInstance.cpp
  GrpPixelShader.cpp
  GrpRatioInstance.cpp
  GrpRenderTargetTexture.cpp
  GrpScreen.cpp
  GrpShadowTexture.cpp
  GrpSubImage.cpp
  GrpText.cpp
  GrpTextInstance.cpp
  GrpTexture.cpp
  GrpVertexBuffer.cpp
  GrpVertexBufferDynamic.cpp
  GrpVertexBufferStatic.cpp
  GrpVertexShader.cpp
  IME.cpp
  Input.cpp
  JpegFile.cpp
  LensFlare.cpp
  lineintersect_utils.cpp
  MSApplication.cpp
  MSWindow.cpp
  Mutex.cpp
  NetAddress.cpp
  NetDatagram.cpp
  NetDatagramReceiver.cpp
  NetDatagramSender.cpp
  NetDevice.cpp
  NetPacketHeaderMap.cpp
  NetStream.cpp
  parser.cpp
  PathStack.cpp
  ReferenceObject.cpp
  RenderTarget.cpp
  RenderTargetManager.cpp
  Resource.cpp
  ResourceManager.cpp
  ScreenFilter.cpp
  SkyBox.cpp
  StateManager.cpp
  TargaResource.cpp
  TextBar.cpp
  TextFileLoader.cpp
  TextTag.cpp
  Thread.cpp
  Util.cpp
  EterLib.vcxproj -> C:\Anka2Project\Source\Binary\vs_files\EterLib\Debug\EterLib.lib
